
> frontend@0.0.0 build
> vite build

[36mvite v7.2.7 [32mbuilding client environment for production...[36m[39m
transforming...
[32mΓ£ô[39m 27 modules transformed.
node.exe : 
[31mΓ£ù[39m Build 
failed in 4.61s
At line:1 char:1
+ & "C:\Program Files
\nodejs/node.exe" 
"C:\Program 
Files\nodejs/node_mo 
...
+ ~~~~~~~~~~~~~~~~~~~
~~~~~~~~~~~~~~~~~~~~~
~~~~~~~~~~~~~~~~~~~~~
~~~~~~~~
    + CategoryInfo   
           : NotSpe  
  cified: ([31mΓ£   
 ù[39m Build fai    
led in 4.61s:Str    
ing) [], RemoteE    
xception
    + FullyQualified 
   ErrorId : Native  
  CommandError
 
[31merror during 
build:
[31m[vite:esbuild] 
Transform failed 
with 1 error:
C:/Users/Senior Engin
eer/Desktop/projects/
vibe coding projects/
primeAudio/frontend/s
rc/layouts/CustomerLa
yout.jsx:35:38: 
ERROR: Expected ")" 
but found "$"[31m
file: 
[36mC:/Users/Senior 
Engineer/Desktop/proj
ects/vibe coding proj
ects/primeAudio/front
end/src/layouts/Custo
merLayout.jsx:35:38[
31m
[33m
[33mExpected ")" 
but found "$"[33m
33 |          const 
token = localStorage.
getItem('token');
34 |          try {
35 |              
const res = await fet
ch(``${API_URL}/notif
ications`, {
   |                 
                     
  ^
36 |                 
 headers: { 
'Authorization': 
`Bearer ${token}` }
37 |              });
[31m
    at 
failureErrorWithLog 
(C:\Users\Senior Engi
neer\Desktop\projects
\vibe coding projects
\primeAudio\frontend\
node_modules\esbuild\
lib\main.js:1467:15)
    at 
C:\Users\Senior Engin
eer\Desktop\projects\
vibe coding projects\
primeAudio\frontend\n
ode_modules\esbuild\l
ib\main.js:736:50
    at responseCallba
cks.<computed> 
(C:\Users\Senior Engi
neer\Desktop\projects
\vibe coding projects
\primeAudio\frontend\
node_modules\esbuild\
lib\main.js:603:9)
    at 
handleIncomingPacket 
(C:\Users\Senior Engi
neer\Desktop\projects
\vibe coding projects
\primeAudio\frontend\
node_modules\esbuild\
lib\main.js:658:12)
    at Socket.readFro
mStdout 
(C:\Users\Senior Engi
neer\Desktop\projects
\vibe coding projects
\primeAudio\frontend\
node_modules\esbuild\
lib\main.js:581:7)
    at Socket.emit 
(node:events:519:28)
    at addChunk (node
:internal/streams/rea
dable:561:12)
    at readableAddChu
nkPushByteMode (node:
internal/streams/read
able:512:3)
    at Readable.push 
(node:internal/stream
s/readable:392:5)
    at 
Pipe.onStreamRead (no
de:internal/stream_ba
se_commons:189:23)[3
9m
